<html>
<body>
<pre>
<h1>µVision Build Log</h1>
<h2>Project:</h2>
C:\AN_deliveries\STM32F105_107_AN3354_FW_V1.0.0\Project\STM32F105_107_IAP_USBHost\binary_template\MDK-ARM\SysTick.uvproj
Project File Date:  07/20/2011

<h2>Output:</h2>
Build target 'STM3210C-EVAL'
compiling stm32f10x_it.c...
compiling main.c...
compiling stm32f10x_usart.c...
compiling misc.c...
compiling stm32f10x_exti.c...
compiling stm32f10x_gpio.c...
compiling stm32f10x_rcc.c...
compiling stm32f10x_spi.c...
compiling stm32f10x_i2c.c...
compiling stm32f10x_sdio.c...
compiling stm32f10x_dma.c...
compiling system_stm32f10x.c...
compiling stm32_eval.c...
assembling startup_stm32f10x_cl.s...
linking...
Program Size: Code=928 RO-data=452 RW-data=64 ZI-data=1024  
".\STM3210C-EVAL\STM3210C-EVAL.axf" - 0 Error(s), 0 Warning(s).
